###############################################################################
#                                                                             #
# IAR C/C++ Compiler V8.10.1.40194/W32 for 8051         03/Mar/2020  14:57:21 #
# Copyright 2004-2011 IAR Systems AB.                                         #
#                                                                             #
#    Core               =  plain                                              #
#    Code model         =  banked                                             #
#    Data model         =  large                                              #
#    Calling convention =  xdata reentrant                                    #
#    Constant location  =  data_rom                                           #
#    Dptr setup         =  1,16                                               #
#    Source file        =  C:\Texas Instruments\ZStack-CC2530-2.5.1a\Projects #
#                          \zstack\Samples\Diplomaproject\Source\ledDevice3.c #
#    Command line       =  -f "C:\Texas Instruments\ZStack-CC2530-2.5.1a\Proj #
#                          ects\zstack\Samples\Diplomaproject\CC2530DB\..\..\ #
#                          ..\Tools\CC2530DB\f8wEndev.cfg" (-DCPU32MHZ        #
#                          -DROOT=__near_func -DMAC_CFG_TX_DATA_MAX=3         #
#                          -DMAC_CFG_TX_MAX=6 -DMAC_CFG_RX_MAX=3) -f          #
#                          "C:\Texas Instruments\ZStack-CC2530-2.5.1a\Project #
#                          s\zstack\Samples\Diplomaproject\CC2530DB\..\..\..\ #
#                          Tools\CC2530DB\f8wConfig.cfg" (-DZIGBEEPRO         #
#                          -DSECURE=0 -DZG_SECURE_DYNAMIC=0 -DREFLECTOR       #
#                          -DDEFAULT_CHANLIST=0x00000800                      #
#                          -DZDAPP_CONFIG_PAN_ID=0xFFFF                       #
#                          -DNWK_START_DELAY=100 -DEXTENDED_JOINING_RANDOM_MA #
#                          SK=0x007F -DBEACON_REQUEST_DELAY=100               #
#                          -DBEACON_REQ_DELAY_MASK=0x00FF                     #
#                          -DLINK_STATUS_JITTER_MASK=0x007F                   #
#                          -DROUTE_EXPIRY_TIME=30 -DAPSC_ACK_WAIT_DURATION_PO #
#                          LLED=3000 -DNWK_INDIRECT_MSG_TIMEOUT=7             #
#                          -DMAX_RREQ_ENTRIES=8 -DAPSC_MAX_FRAME_RETRIES=3    #
#                          -DNWK_MAX_DATA_RETRIES=2                           #
#                          -DMAX_POLL_FAILURE_RETRIES=2 -DMAX_BCAST=9         #
#                          -DAPS_MAX_GROUPS=16 -DMAX_RTG_ENTRIES=40           #
#                          -DNWK_MAX_BINDING_ENTRIES=4                        #
#                          -DMAX_BINDING_CLUSTER_IDS=4 "-DDEFAULT_KEY={0x01,  #
#                          0x03, 0x05, 0x07, 0x09, 0x0B, 0x0D, 0x0F, 0x00,    #
#                          0x02, 0x04, 0x06, 0x08, 0x0A, 0x0C, 0x0D}"         #
#                          -DMAC_MAX_FRAME_SIZE=116                           #
#                          -DZDNWKMGR_MIN_TRANSMISSIONS=20 "-DCONST=const     #
#                          __code" -DGENERIC=__generic                        #
#                          -DRFD_RCVC_ALWAYS_ON=FALSE -DPOLL_RATE=1000        #
#                          -DQUEUED_POLL_RATE=100 -DRESPONSE_POLL_RATE=100)   #
#                          -DREJOIN_POLL_RATE=440 "C:\Texas                   #
#                          Instruments\ZStack-CC2530-2.5.1a\Projects\zstack\S #
#                          amples\Diplomaproject\Source\ledDevice3.c" -D      #
#                          NWK_AUTO_POLL -D ZTOOL_P1 -D                       #
#                          RFD_RCVC_ALWAYS_ON=TRUE -D xMT_TASK -D             #
#                          xMT_SYS_FUNC -D MT_ZDO_FUNC -D                     #
#                          xLCD_SUPPORTED=DEBUG -D xPOWER_SAVING -lC          #
#                          "C:\Texas Instruments\ZStack-CC2530-2.5.1a\Project #
#                          s\zstack\Samples\Diplomaproject\CC2530DB\LedDevice #
#                          3\List\" -lA "C:\Texas Instruments\ZStack-CC2530-2 #
#                          .5.1a\Projects\zstack\Samples\Diplomaproject\CC253 #
#                          0DB\LedDevice3\List\" --diag_suppress Pe001,Pa010  #
#                          -o "C:\Texas Instruments\ZStack-CC2530-2.5.1a\Proj #
#                          ects\zstack\Samples\Diplomaproject\CC2530DB\LedDev #
#                          ice3\Obj\" -e --no_code_motion --debug             #
#                          --core=plain --dptr=16,1 --data_model=large        #
#                          --code_model=banked --calling_convention=xdata_ree #
#                          ntrant --place_constants=data_rom                  #
#                          --nr_virtual_regs 16 -I "C:\Texas                  #
#                          Instruments\ZStack-CC2530-2.5.1a\Projects\zstack\S #
#                          amples\Diplomaproject\CC2530DB\" -I "C:\Texas      #
#                          Instruments\ZStack-CC2530-2.5.1a\Projects\zstack\S #
#                          amples\Diplomaproject\CC2530DB\..\Source\" -I      #
#                          "C:\Texas Instruments\ZStack-CC2530-2.5.1a\Project #
#                          s\zstack\Samples\Diplomaproject\CC2530DB\..\..\..\ #
#                          ZMain\TI2530DB\" -I "C:\Texas                      #
#                          Instruments\ZStack-CC2530-2.5.1a\Projects\zstack\S #
#                          amples\Diplomaproject\CC2530DB\..\..\..\..\..\Comp #
#                          onents\hal\include\" -I "C:\Texas                  #
#                          Instruments\ZStack-CC2530-2.5.1a\Projects\zstack\S #
#                          amples\Diplomaproject\CC2530DB\..\..\..\..\..\Comp #
#                          onents\hal\target\CC2530EB\" -I "C:\Texas          #
#                          Instruments\ZStack-CC2530-2.5.1a\Projects\zstack\S #
#                          amples\Diplomaproject\CC2530DB\..\..\..\..\..\Comp #
#                          onents\mac\include\" -I "C:\Texas                  #
#                          Instruments\ZStack-CC2530-2.5.1a\Projects\zstack\S #
#                          amples\Diplomaproject\CC2530DB\..\..\..\..\..\Comp #
#                          onents\mac\high_level\" -I "C:\Texas               #
#                          Instruments\ZStack-CC2530-2.5.1a\Projects\zstack\S #
#                          amples\Diplomaproject\CC2530DB\..\..\..\..\..\Comp #
#                          onents\mac\low_level\srf04\" -I "C:\Texas          #
#                          Instruments\ZStack-CC2530-2.5.1a\Projects\zstack\S #
#                          amples\Diplomaproject\CC2530DB\..\..\..\..\..\Comp #
#                          onents\mac\low_level\srf04\single_chip\" -I        #
#                          "C:\Texas Instruments\ZStack-CC2530-2.5.1a\Project #
#                          s\zstack\Samples\Diplomaproject\CC2530DB\..\..\..\ #
#                          ..\..\Components\mt\" -I "C:\Texas                 #
#                          Instruments\ZStack-CC2530-2.5.1a\Projects\zstack\S #
#                          amples\Diplomaproject\CC2530DB\..\..\..\..\..\Comp #
#                          onents\osal\include\" -I "C:\Texas                 #
#                          Instruments\ZStack-CC2530-2.5.1a\Projects\zstack\S #
#                          amples\Diplomaproject\CC2530DB\..\..\..\..\..\Comp #
#                          onents\services\saddr\" -I "C:\Texas               #
#                          Instruments\ZStack-CC2530-2.5.1a\Projects\zstack\S #
#                          amples\Diplomaproject\CC2530DB\..\..\..\..\..\Comp #
#                          onents\services\sdata\" -I "C:\Texas               #
#                          Instruments\ZStack-CC2530-2.5.1a\Projects\zstack\S #
#                          amples\Diplomaproject\CC2530DB\..\..\..\..\..\Comp #
#                          onents\stack\af\" -I "C:\Texas                     #
#                          Instruments\ZStack-CC2530-2.5.1a\Projects\zstack\S #
#                          amples\Diplomaproject\CC2530DB\..\..\..\..\..\Comp #
#                          onents\stack\nwk\" -I "C:\Texas                    #
#                          Instruments\ZStack-CC2530-2.5.1a\Projects\zstack\S #
#                          amples\Diplomaproject\CC2530DB\..\..\..\..\..\Comp #
#                          onents\stack\sapi\" -I "C:\Texas                   #
#                          Instruments\ZStack-CC2530-2.5.1a\Projects\zstack\S #
#                          amples\Diplomaproject\CC2530DB\..\..\..\..\..\Comp #
#                          onents\stack\sec\" -I "C:\Texas                    #
#                          Instruments\ZStack-CC2530-2.5.1a\Projects\zstack\S #
#                          amples\Diplomaproject\CC2530DB\..\..\..\..\..\Comp #
#                          onents\stack\sys\" -I "C:\Texas                    #
#                          Instruments\ZStack-CC2530-2.5.1a\Projects\zstack\S #
#                          amples\Diplomaproject\CC2530DB\..\..\..\..\..\Comp #
#                          onents\stack\zdo\" -I "C:\Texas                    #
#                          Instruments\ZStack-CC2530-2.5.1a\Projects\zstack\S #
#                          amples\Diplomaproject\CC2530DB\..\..\..\..\..\Comp #
#                          onents\zmac\" -I "C:\Texas                         #
#                          Instruments\ZStack-CC2530-2.5.1a\Projects\zstack\S #
#                          amples\Diplomaproject\CC2530DB\..\..\..\..\..\Comp #
#                          onents\zmac\f8w\" -Ohz                             #
#    List file          =  C:\Texas Instruments\ZStack-CC2530-2.5.1a\Projects #
#                          \zstack\Samples\Diplomaproject\CC2530DB\LedDevice3 #
#                          \List\ledDevice3.lst                               #
#    Object file        =  C:\Texas Instruments\ZStack-CC2530-2.5.1a\Projects #
#                          \zstack\Samples\Diplomaproject\CC2530DB\LedDevice3 #
#                          \Obj\ledDevice3.r51                                #
#                                                                             #
#                                                                             #
###############################################################################

C:\Texas Instruments\ZStack-CC2530-2.5.1a\Projects\zstack\Samples\Diplomaproject\Source\ledDevice3.c
      1          #include "smartHome.h"
      2          #include "sapi.h"
      3          #include "hal_led.h"
      4          #include "adc.h"
      5          #include "IC.h"
      6          #include "out.h"
      7          #include "RFP.h"
      8          #include "OnBoard.h"
      9          #include "stdio.h"
     10          #include "string.h"
     11          
     12          #define NUM_LED_1 5
     13          #define NUM_LED_2 6
     14          
     15          #define LEDNUM  2

   \                                 In  segment XDATA_I, align 1, keep-with-next
     16          uint8 ledIdList[LEDNUM]={NUM_LED_1,NUM_LED_2};
   \                     ledIdList:
   \   000000                DS 2
   \   000002                REQUIRE `?<Initializer for ledIdList>`
   \   000002                REQUIRE __INIT_XDATA_I
     17          
     18          #define NUM_IN_CMD_LEDDEVICE 1
     19          #define NUM_OUT_CMD_LEDDEVICE 2
     20          

   \                                 In  segment XDATA_ROM_C, align 1
     21          const cId_t ledDeviceInputCommandList[NUM_IN_CMD_LEDDEVICE]=
   \                     ledDeviceInputCommandList:
   \   000000   0200         DW 2
     22          {TOGGLE_LED_CMD_ID};

   \                                 In  segment XDATA_ROM_C, align 1
     23          const cId_t ledDeviceOutputCommandList[NUM_OUT_CMD_LEDDEVICE]=
   \                     ledDeviceOutputCommandList:
   \   000000   0100         DW 1
   \   000002   0300         DW 3
     24          {LEDJOINNET_CMD_ID,HEART_BEAT_CMD_ID};

   \                                 In  segment XDATA_ROM_C, align 1
     25          const SimpleDescriptionFormat_t zb_SimpleDesc=
   \                     zb_SimpleDesc:
   \   000000   01           DB 1
   \   000001   0105         DW 1281
   \   000003   0200         DW 2
   \   000005   00           DB 0
   \   000006   01           DB 1
   \   000007   ....         DW ledDeviceInputCommandList
   \   000009   02           DB 2
   \   00000A   ....         DW ledDeviceOutputCommandList
     26          {
     27            ENDPOINT_ID_SMARTHOME,
     28            PROFILE_ID_SMARTHOME,
     29            DEVICE_ID_LEDDEVICE,
     30            DEVIDE_VERSION_ID,
     31            0,
     32            NUM_IN_CMD_LEDDEVICE,
     33            (cId_t*)ledDeviceInputCommandList,
     34            NUM_OUT_CMD_LEDDEVICE,
     35            (cId_t*)ledDeviceOutputCommandList  
     36          };
     37          /***********
     38          执行时机：发送的数据包被接收方收到时被调用
     39          handle:包的编号；
     40          status:ZSUCCESS表示成功接收
     41          ************/

   \                                 In  segment BANKED_CODE, align 1, keep-with-next
     42          void zb_SendDataConfirm( uint8 handle, uint8 status )
   \                     zb_SendDataConfirm:
     43          {
   \   000000                ; Saved register size: 0
   \   000000                ; Auto size: 0
     44            
     45          }
   \   000000   02....       LJMP    ?BRET
     46          
     47          /***********
     48          执行时机：接收到的数据包被调用
     49          ************/

   \                                 In  segment BANKED_CODE, align 1, keep-with-next
     50          void zb_ReceiveDataIndication( uint16 source, uint16 command, 
   \                     zb_ReceiveDataIndication:
     51                                        uint16 len, uint8 *pData  )
     52          {
   \   000000   C082         PUSH    DPL
   \   000002   C083         PUSH    DPH
   \   000004                ; Saved register size: 2
   \   000004                ; Auto size: 0
   \   000004   7402         MOV     A,#0x2
   \   000006   12....       LCALL   ?XSTACK_DISP0_8
   \   000009   E0           MOVX    A,@DPTR
   \   00000A   F8           MOV     R0,A
   \   00000B   A3           INC     DPTR
   \   00000C   E0           MOVX    A,@DPTR
   \   00000D   F9           MOV     R1,A
   \   00000E   8882         MOV     DPL,R0
   \   000010   8983         MOV     DPH,R1
     53            if(command==TOGGLE_LED_CMD_ID)
   \   000012   7402         MOV     A,#0x2
   \   000014   6C           XRL     A,R4
   \   000015   7001         JNZ     ??zb_ReceiveDataIndication_0
   \   000017   ED           MOV     A,R5
   \                     ??zb_ReceiveDataIndication_0:
   \   000018   7050         JNZ     ??zb_ReceiveDataIndication_1
     54            {
     55              uint8 led_num=pData[0];
   \   00001A   E0           MOVX    A,@DPTR
   \   00001B   F8           MOV     R0,A
     56              uint8 led_status=pData[1];
   \   00001C   A3           INC     DPTR
   \   00001D   E0           MOVX    A,@DPTR
   \   00001E   F9           MOV     R1,A
     57              
     58              if(led_num==NUM_LED_1)
   \   00001F   7405         MOV     A,#0x5
   \   000021   68           XRL     A,R0
   \   000022   7015         JNZ     ??zb_ReceiveDataIndication_2
     59              {
     60                if(led_status==1)
   \   000024   7401         MOV     A,#0x1
   \   000026   69           XRL     A,R1
   \   000027   7009         JNZ     ??zb_ReceiveDataIndication_3
     61                  HalLedSet(HAL_LED_1,HAL_LED_MODE_ON);
   \   000029                ; Setup parameters for call to function HalLedSet
   \   000029   7A01         MOV     R2,#0x1
   \                     ??zb_ReceiveDataIndication_4:
   \   00002B   7901         MOV     R1,#0x1
   \                     ??zb_ReceiveDataIndication_5:
   \   00002D   12....       LCALL   ??HalLedSet?relay
   \   000030   8038         SJMP    ??zb_ReceiveDataIndication_1
     62                else if(led_status==0)
   \                     ??zb_ReceiveDataIndication_3:
   \   000032   E9           MOV     A,R1
   \   000033   7035         JNZ     ??zb_ReceiveDataIndication_1
     63                  HalLedSet(HAL_LED_1,HAL_LED_MODE_OFF);
   \   000035                ; Setup parameters for call to function HalLedSet
   \   000035   7A00         MOV     R2,#0x0
   \   000037   80F2         SJMP    ??zb_ReceiveDataIndication_4
     64              }
     65              else if(led_num==NUM_LED_2)
   \                     ??zb_ReceiveDataIndication_2:
   \   000039   7406         MOV     A,#0x6
   \   00003B   68           XRL     A,R0
   \   00003C   702C         JNZ     ??zb_ReceiveDataIndication_1
     66              {
     67                if(led_status==1)
   \   00003E   7401         MOV     A,#0x1
   \   000040   69           XRL     A,R1
   \   000041   7006         JNZ     ??zb_ReceiveDataIndication_6
     68                  HalLedSet(HAL_LED_2,HAL_LED_MODE_ON);
   \   000043                ; Setup parameters for call to function HalLedSet
   \   000043   7A01         MOV     R2,#0x1
   \   000045   7902         MOV     R1,#0x2
   \   000047   80E4         SJMP    ??zb_ReceiveDataIndication_5
     69                else if(led_status==0)
   \                     ??zb_ReceiveDataIndication_6:
   \   000049   E9           MOV     A,R1
   \   00004A   7009         JNZ     ??zb_ReceiveDataIndication_7
     70                  HalLedSet(HAL_LED_2,HAL_LED_MODE_OFF);
   \   00004C                ; Setup parameters for call to function HalLedSet
   \   00004C   7A00         MOV     R2,#0x0
   \   00004E   7902         MOV     R1,#0x2
   \   000050   12....       LCALL   ??HalLedSet?relay
   \   000053   8015         SJMP    ??zb_ReceiveDataIndication_1
     71                else if(led_status==2)
   \                     ??zb_ReceiveDataIndication_7:
   \   000055   7402         MOV     A,#0x2
   \   000057   69           XRL     A,R1
   \   000058   7010         JNZ     ??zb_ReceiveDataIndication_1
   \   00005A   8003         SJMP    ??zb_ReceiveDataIndication_8
     72                {
     73                  while(IC_Test()==1)
     74                    JDQ2Start();   
   \                     ??zb_ReceiveDataIndication_9:
   \   00005C                ; Setup parameters for call to function JDQ2Start
   \   00005C   12....       LCALL   ??JDQ2Start?relay
   \                     ??zb_ReceiveDataIndication_8:
   \   00005F                ; Setup parameters for call to function IC_Test
   \   00005F   12....       LCALL   ??IC_Test?relay
   \   000062   E9           MOV     A,R1
   \   000063   6401         XRL     A,#0x1
   \   000065   60F5         JZ      ??zb_ReceiveDataIndication_9
     75                  JDQ2Close(); 
   \   000067                ; Setup parameters for call to function JDQ2Close
   \   000067   12....       LCALL   ??JDQ2Close?relay
     76                }
     77              }
     78            }
     79          }
   \                     ??zb_ReceiveDataIndication_1:
   \   00006A   D083         POP     DPH
   \   00006C   D082         POP     DPL
   \   00006E   02....       LJMP    ?BRET
     80          
     81          

   \                                 In  segment BANKED_CODE, align 1, keep-with-next
     82          void zb_AllowBindConfirm( uint16 source )
   \                     zb_AllowBindConfirm:
     83          {
   \   000000                ; Saved register size: 0
   \   000000                ; Auto size: 0
     84          }
   \   000000   02....       LJMP    ?BRET
     85          

   \                                 In  segment BANKED_CODE, align 1, keep-with-next
     86          void zb_HandleKeys( uint8 shift, uint8 keys )
   \                     zb_HandleKeys:
     87          {
   \   000000                ; Saved register size: 0
   \   000000                ; Auto size: 0
     88            
     89          }
   \   000000   02....       LJMP    ?BRET
     90          

   \                                 In  segment BANKED_CODE, align 1, keep-with-next
     91          void zb_BindConfirm( uint16 commandId, uint8 status )
   \                     zb_BindConfirm:
     92          {
   \   000000                ; Saved register size: 0
   \   000000                ; Auto size: 0
     93          }
   \   000000   02....       LJMP    ?BRET
     94          

   \                                 In  segment BANKED_CODE, align 1, keep-with-next
     95          void zb_StartConfirm( uint8 status )
   \                     zb_StartConfirm:
     96          {
   \   000000   74F6         MOV     A,#-0xa
   \   000002   12....       LCALL   ?BANKED_ENTER_XDATA
   \   000005                ; Saved register size: 10
   \   000005                ; Auto size: 0
   \   000005   E9           MOV     A,R1
     97            if(status==ZSUCCESS)
   \   000006   704F         JNZ     ??zb_StartConfirm_0
     98            {
     99              //可把节点所包含的led灯的ID号发送过去 
    100              zb_SendDataRequest(0X0,LEDJOINNET_CMD_ID,
    101                                 LEDNUM,ledIdList,0,FALSE,AF_DEFAULT_RADIUS);
   \   000008                ; Setup parameters for call to function zb_SendDataRequest
   \   000008   75..1E       MOV     ?V0 + 0,#0x1e
   \   00000B   78..         MOV     R0,#?V0 + 0
   \   00000D   12....       LCALL   ?PUSH_XSTACK_I_ONE
   \   000010   75..00       MOV     ?V0 + 0,#0x0
   \   000013   78..         MOV     R0,#?V0 + 0
   \   000015   12....       LCALL   ?PUSH_XSTACK_I_ONE
   \   000018   78..         MOV     R0,#?V0 + 0
   \   00001A   12....       LCALL   ?PUSH_XSTACK_I_ONE
   \   00001D   75....       MOV     ?V0 + 0,#ledIdList & 0xff
   \   000020   75....       MOV     ?V0 + 1,#(ledIdList >> 8) & 0xff
   \   000023   78..         MOV     R0,#?V0 + 0
   \   000025   12....       LCALL   ?PUSH_XSTACK_I_TWO
   \   000028   7902         MOV     R1,#0x2
   \   00002A   7C01         MOV     R4,#0x1
   \   00002C   7D00         MOV     R5,#0x0
   \   00002E   7A00         MOV     R2,#0x0
   \   000030   7B00         MOV     R3,#0x0
   \   000032   12....       LCALL   ??zb_SendDataRequest?relay
   \   000035   7405         MOV     A,#0x5
   \   000037   12....       LCALL   ?DEALLOC_XSTACK8
    102              osal_start_timerEx(sapi_TaskID,TIMER_TIMEOUT_EVT,60000);
   \   00003A                ; Setup parameters for call to function osal_start_timerEx
   \   00003A   7C60         MOV     R4,#0x60
   \   00003C   7DEA         MOV     R5,#-0x16
   \   00003E   7A01         MOV     R2,#0x1
   \   000040   12....       LCALL   ?Subroutine2 & 0xFFFF
    103              osal_start_timerEx(sapi_TaskID,RC522b_PERIOD_EVT,2000);
   \                     ??CrossCallReturnLabel_2:
   \   000043   7A04         MOV     R2,#0x4
   \   000045   12....       LCALL   ?Subroutine2 & 0xFFFF
    104              HalLedBlink(HAL_LED_ALL,5,50,2000);
   \                     ??CrossCallReturnLabel_3:
   \   000048   7B32         MOV     R3,#0x32
   \   00004A   7A05         MOV     R2,#0x5
   \   00004C   790F         MOV     R1,#0xf
   \   00004E   12....       LCALL   ??HalLedBlink?relay
    105              
    106              IC_Init();   
   \   000051                ; Setup parameters for call to function IC_Init
   \   000051   12....       LCALL   ??IC_Init?relay
    107              InitJDQ2();
   \   000054                ; Setup parameters for call to function InitJDQ2
   \   000054   12....       LCALL   ??InitJDQ2?relay
    108            }
    109          }
   \                     ??zb_StartConfirm_0:
   \   000057                REQUIRE ?Subroutine0
   \   000057                ; // Fall through to label ?Subroutine0

   \                                 In  segment BANKED_CODE, align 1, keep-with-next
   \                     ?Subroutine0:
   \   000000   7F02         MOV     R7,#0x2
   \   000002   02....       LJMP    ?BANKED_LEAVE_XDATA

   \                                 In  segment BANKED_CODE, align 1, keep-with-next
   \                     ?Subroutine2:
   \   000000   12....       LCALL   ?Subroutine3 & 0xFFFF
   \                     ??CrossCallReturnLabel_4:
   \   000003                ; Setup parameters for call to function osal_start_timerEx
   \   000003                ; Setup parameters for call to function HalLedBlink
   \   000003   7CD0         MOV     R4,#-0x30
   \   000005   7D07         MOV     R5,#0x7
   \   000007   22           RET

   \                                 In  segment BANKED_CODE, align 1, keep-with-next
   \                     ?Subroutine3:
   \   000000   7B00         MOV     R3,#0x0
   \   000002   90....       MOV     DPTR,#sapi_TaskID
   \   000005   E0           MOVX    A,@DPTR
   \   000006   F9           MOV     R1,A
   \   000007   12....       LCALL   ??osal_start_timerEx?relay
   \   00000A   22           RET
    110          

   \                                 In  segment BANKED_CODE, align 1, keep-with-next
    111          void zb_HandleOsalEvent( uint16 event )
   \                     zb_HandleOsalEvent:
    112          {
   \   000000   74F6         MOV     A,#-0xa
   \   000002   12....       LCALL   ?BANKED_ENTER_XDATA
   \   000005                ; Saved register size: 10
   \   000005                ; Auto size: 29
   \   000005   74E3         MOV     A,#-0x1d
   \   000007   12....       LCALL   ?ALLOC_XSTACK8
   \   00000A   EA           MOV     A,R2
   \   00000B   FE           MOV     R6,A
    113            if(event&TIMER_TIMEOUT_EVT)
   \   00000C   A2E0         MOV     C,0xE0 /* A   */.0
   \   00000E   5038         JNC     ??zb_HandleOsalEvent_0
    114            {
    115              osal_start_timerEx(sapi_TaskID,TIMER_TIMEOUT_EVT,60000);
   \   000010                ; Setup parameters for call to function osal_start_timerEx
   \   000010   7C60         MOV     R4,#0x60
   \   000012   7DEA         MOV     R5,#-0x16
   \   000014   7A01         MOV     R2,#0x1
   \   000016   12....       LCALL   ?Subroutine3 & 0xFFFF
    116              zb_SendDataRequest(0X0,HEART_BEAT_CMD_ID,
    117                                 0,NULL,0,FALSE,AF_DEFAULT_RADIUS); 
   \                     ??CrossCallReturnLabel_5:
   \   000019                ; Setup parameters for call to function zb_SendDataRequest
   \   000019   75..1E       MOV     ?V0 + 0,#0x1e
   \   00001C   78..         MOV     R0,#?V0 + 0
   \   00001E   12....       LCALL   ?PUSH_XSTACK_I_ONE
   \   000021   75..00       MOV     ?V0 + 0,#0x0
   \   000024   78..         MOV     R0,#?V0 + 0
   \   000026   12....       LCALL   ?PUSH_XSTACK_I_ONE
   \   000029   78..         MOV     R0,#?V0 + 0
   \   00002B   12....       LCALL   ?PUSH_XSTACK_I_ONE
   \   00002E   E4           CLR     A
   \   00002F   F5..         MOV     ?V0 + 1,A
   \   000031   78..         MOV     R0,#?V0 + 0
   \   000033   12....       LCALL   ?PUSH_XSTACK_I_TWO
   \   000036   7900         MOV     R1,#0x0
   \   000038   7C03         MOV     R4,#0x3
   \   00003A   7D00         MOV     R5,#0x0
   \   00003C   7A00         MOV     R2,#0x0
   \   00003E   7B00         MOV     R3,#0x0
   \   000040   12....       LCALL   ??zb_SendDataRequest?relay
   \   000043   7405         MOV     A,#0x5
   \   000045   12....       LCALL   ?DEALLOC_XSTACK8
    118            }
    119            
    120            if(event&RC522b_PERIOD_EVT)
   \                     ??zb_HandleOsalEvent_0:
   \   000048   EE           MOV     A,R6
   \   000049   5404         ANL     A,#0x4
   \   00004B   7003         JNZ     $+5
   \   00004D   02....       LJMP    ??zb_HandleOsalEvent_1 & 0xFFFF
    121            {
    122              osal_start_timerEx(sapi_TaskID,RC522b_PERIOD_EVT,2000);
   \   000050                ; Setup parameters for call to function osal_start_timerEx
   \   000050   7CD0         MOV     R4,#-0x30
   \   000052   7D07         MOV     R5,#0x7
   \   000054   7A04         MOV     R2,#0x4
   \   000056   12....       LCALL   ?Subroutine3 & 0xFFFF
    123              unsigned char asc_16[16]={'0','1','2','3','4','5','6','7','8','9','A','B','C','D','E','F'},i;
   \                     ??CrossCallReturnLabel_6:
   \   000059   740D         MOV     A,#0xd
   \   00005B   12....       LCALL   ?XSTACK_DISP0_8
   \   00005E   AC82         MOV     R4,DPL
   \   000060   AD83         MOV     R5,DPH
   \   000062   7583..       MOV     DPH,#(`?<Constant {48, 49, 50, 51, 52, 53, 54, 55, 56` >> 8) & 0xff
   \   000065   7582..       MOV     DPL,#`?<Constant {48, 49, 50, 51, 52, 53, 54, 55, 56` & 0xff
   \   000068   7410         MOV     A,#0x10
   \   00006A   12....       LCALL   ?MOVE_LONG8_XDATA_XDATA
    124              unsigned char Card_Id[9]; //存放32位卡号和水压标志
    125              
    126              unsigned int lightvalue;
    127              unsigned int AvgValue;
    128              unsigned char value[2];
    129              
    130              if(IC_Test()==1)
   \   00006D                ; Setup parameters for call to function IC_Test
   \   00006D   12....       LCALL   ??IC_Test?relay
   \   000070   E9           MOV     A,R1
   \   000071   6401         XRL     A,#0x1
   \   000073   6003         JZ      $+5
   \   000075   02....       LJMP    ??zb_HandleOsalEvent_2 & 0xFFFF
    131              {   
    132                //16进制转ASC码 串口打印IC卡号码
    133                for(i=0;i<4;i++)
   \   000078   7C00         MOV     R4,#0x0
    134                {
    135                  Card_Id[i*2]=asc_16[qq[i]/16];
   \                     ??zb_HandleOsalEvent_3:
   \   00007A   8C82         MOV     DPL,R4
   \   00007C   AA82         MOV     R2,DPL
   \   00007E   EA           MOV     A,R2
   \   00007F   C3           CLR     C
   \   000080   33           RLC     A
   \   000081   F8           MOV     R0,A
   \   000082   E4           CLR     A
   \   000083   33           RLC     A
   \   000084   F9           MOV     R1,A
   \   000085   7404         MOV     A,#0x4
   \   000087   12....       LCALL   ?XSTACK_DISP0_8
   \   00008A   E582         MOV     A,DPL
   \   00008C   28           ADD     A,R0
   \   00008D   F8           MOV     R0,A
   \   00008E   E583         MOV     A,DPH
   \   000090   39           ADDC    A,R1
   \   000091   F9           MOV     R1,A
   \   000092   74..         MOV     A,#qq & 0xff
   \   000094   2A           ADD     A,R2
   \   000095   F582         MOV     DPL,A
   \   000097   74..         MOV     A,#(qq >> 8) & 0xff
   \   000099   3400         ADDC    A,#0x0
   \   00009B   F583         MOV     DPH,A
   \   00009D   E0           MOVX    A,@DPTR
   \   00009E   FD           MOV     R5,A
   \   00009F   C4           SWAP    A
   \   0000A0   540F         ANL     A,#0xf
   \   0000A2   FA           MOV     R2,A
   \   0000A3   740D         MOV     A,#0xd
   \   0000A5   12....       LCALL   ?XSTACK_DISP0_8
   \   0000A8   12....       LCALL   ?Subroutine1 & 0xFFFF
   \                     ??CrossCallReturnLabel_0:
   \   0000AB   F0           MOVX    @DPTR,A
    136                  Card_Id[i*2+1]=asc_16[qq[i]%16];        
   \   0000AC   740F         MOV     A,#0xf
   \   0000AE   5D           ANL     A,R5
   \   0000AF   FA           MOV     R2,A
   \   0000B0   740D         MOV     A,#0xd
   \   0000B2   12....       LCALL   ?XSTACK_DISP0_8
   \   0000B5   12....       LCALL   ?Subroutine1 & 0xFFFF
    137                } 
   \                     ??CrossCallReturnLabel_1:
   \   0000B8   A3           INC     DPTR
   \   0000B9   F0           MOVX    @DPTR,A
   \   0000BA   0C           INC     R4
   \   0000BB   EC           MOV     A,R4
   \   0000BC   C3           CLR     C
   \   0000BD   9404         SUBB    A,#0x4
   \   0000BF   40B9         JC      ??zb_HandleOsalEvent_3
    138                Card_Id[8]=RfpScan();
   \   0000C1                ; Setup parameters for call to function RfpScan
   \   0000C1   12....       LCALL   ??RfpScan?relay
   \   0000C4   740C         MOV     A,#0xc
   \   0000C6   12....       LCALL   ?XSTACK_DISP0_8
   \   0000C9   E9           MOV     A,R1
   \   0000CA   F0           MOVX    @DPTR,A
    139                zb_SendDataRequest(0X0,RC522bVALUE_CMD_ID,9,Card_Id,0,FALSE,AF_DEFAULT_RADIUS);
   \   0000CB                ; Setup parameters for call to function zb_SendDataRequest
   \   0000CB   75..1E       MOV     ?V0 + 0,#0x1e
   \   0000CE   78..         MOV     R0,#?V0 + 0
   \   0000D0   12....       LCALL   ?PUSH_XSTACK_I_ONE
   \   0000D3   75..00       MOV     ?V0 + 0,#0x0
   \   0000D6   78..         MOV     R0,#?V0 + 0
   \   0000D8   12....       LCALL   ?PUSH_XSTACK_I_ONE
   \   0000DB   78..         MOV     R0,#?V0 + 0
   \   0000DD   12....       LCALL   ?PUSH_XSTACK_I_ONE
   \   0000E0   7407         MOV     A,#0x7
   \   0000E2   12....       LCALL   ?XSTACK_DISP0_8
   \   0000E5   8582..       MOV     ?V0 + 0,DPL
   \   0000E8   8583..       MOV     ?V0 + 1,DPH
   \   0000EB   78..         MOV     R0,#?V0 + 0
   \   0000ED   12....       LCALL   ?PUSH_XSTACK_I_TWO
   \   0000F0   7909         MOV     R1,#0x9
   \   0000F2   7C06         MOV     R4,#0x6
   \   0000F4   7D00         MOV     R5,#0x0
   \   0000F6   7A00         MOV     R2,#0x0
   \   0000F8   7B00         MOV     R3,#0x0
   \   0000FA   12....       LCALL   ??zb_SendDataRequest?relay
   \   0000FD   7405         MOV     A,#0x5
   \   0000FF   12....       LCALL   ?DEALLOC_XSTACK8
    140              }
    141              
    142              Get_ADCValue(&lightvalue);
   \                     ??zb_HandleOsalEvent_2:
   \   000102                ; Setup parameters for call to function Get_ADCValue
   \   000102   7402         MOV     A,#0x2
   \   000104   12....       LCALL   ?XSTACK_DISP0_8
   \   000107   AA82         MOV     R2,DPL
   \   000109   AB83         MOV     R3,DPH
   \   00010B   12....       LCALL   ??Get_ADCValue?relay
    143              value[0]=lightvalue&0xff;
   \   00010E   7402         MOV     A,#0x2
   \   000110   12....       LCALL   ?XSTACK_DISP0_8
   \   000113   E0           MOVX    A,@DPTR
   \   000114   85..82       MOV     DPL,?XSP + 0
   \   000117   85..83       MOV     DPH,?XSP + 1
   \   00011A   F0           MOVX    @DPTR,A
    144              value[1]=(lightvalue>>8)&0xff;
   \   00011B   7402         MOV     A,#0x2
   \   00011D   12....       LCALL   ?XSTACK_DISP0_8
   \   000120   A3           INC     DPTR
   \   000121   E0           MOVX    A,@DPTR
   \   000122   F9           MOV     R1,A
   \   000123   7401         MOV     A,#0x1
   \   000125   12....       LCALL   ?XSTACK_DISP0_8
   \   000128   E9           MOV     A,R1
   \   000129   F0           MOVX    @DPTR,A
    145              AvgValue = value[0] | ((unsigned int)value[1] << 8);
    146              
    147              if(AvgValue==32763)
   \   00012A   85..82       MOV     DPL,?XSP + 0
   \   00012D   85..83       MOV     DPH,?XSP + 1
   \   000130   E0           MOVX    A,@DPTR
   \   000131   F8           MOV     R0,A
   \   000132   74FB         MOV     A,#-0x5
   \   000134   68           XRL     A,R0
   \   000135   7003         JNZ     ??zb_HandleOsalEvent_4
   \   000137   747F         MOV     A,#0x7f
   \   000139   69           XRL     A,R1
   \                     ??zb_HandleOsalEvent_4:
   \   00013A   700B         JNZ     ??zb_HandleOsalEvent_5
    148              {
    149                HalLedSet(HAL_LED_1,HAL_LED_MODE_ON);
   \   00013C                ; Setup parameters for call to function HalLedSet
   \   00013C   7A01         MOV     R2,#0x1
   \   00013E   7901         MOV     R1,#0x1
   \   000140   12....       LCALL   ??HalLedSet?relay
    150                HalLedSet(HAL_LED_2,HAL_LED_MODE_ON);
   \   000143                ; Setup parameters for call to function HalLedSet
   \   000143   7A01         MOV     R2,#0x1
   \   000145   8009         SJMP    ??zb_HandleOsalEvent_6
    151              }
    152              else
    153              {
    154                HalLedSet(HAL_LED_1,HAL_LED_MODE_OFF);
   \                     ??zb_HandleOsalEvent_5:
   \   000147                ; Setup parameters for call to function HalLedSet
   \   000147   7A00         MOV     R2,#0x0
   \   000149   7901         MOV     R1,#0x1
   \   00014B   12....       LCALL   ??HalLedSet?relay
    155                HalLedSet(HAL_LED_2,HAL_LED_MODE_OFF);
   \   00014E                ; Setup parameters for call to function HalLedSet
   \   00014E   7A00         MOV     R2,#0x0
   \                     ??zb_HandleOsalEvent_6:
   \   000150   7902         MOV     R1,#0x2
   \   000152   12....       LCALL   ??HalLedSet?relay
    156              }
    157            }
    158          }
   \                     ??zb_HandleOsalEvent_1:
   \   000155   741D         MOV     A,#0x1d
   \   000157   12....       LCALL   ?DEALLOC_XSTACK8
   \   00015A   02....       LJMP    ?Subroutine0 & 0xFFFF

   \                                 In  segment BANKED_CODE, align 1, keep-with-next
   \                     ?Subroutine1:
   \   000000   E582         MOV     A,DPL
   \   000002   2A           ADD     A,R2
   \   000003   F582         MOV     DPL,A
   \   000005   E583         MOV     A,DPH
   \   000007   3400         ADDC    A,#0x0
   \   000009   F583         MOV     DPH,A
   \   00000B   E0           MOVX    A,@DPTR
   \   00000C   8882         MOV     DPL,R0
   \   00000E   8983         MOV     DPH,R1
   \   000010   22           RET
    159          

   \                                 In  segment BANKED_CODE, align 1, keep-with-next
    160          void zb_FindDeviceConfirm( uint8 searchType, 
   \                     zb_FindDeviceConfirm:
    161                                    uint8 *searchKey, uint8 *result )
    162          {
   \   000000                ; Saved register size: 0
   \   000000                ; Auto size: 0
    163            
    164          }
   \   000000   02....       LJMP    ?BRET

   \                                 In  segment XDATA_ID, align 1, keep-with-next
   \                     `?<Initializer for ledIdList>`:
   \   000000   05           DB 5
   \   000001   06           DB 6

   \                                 In  segment BANK_RELAYS, align 1
   \                     ??zb_SendDataConfirm?relay:
   \   000000   12....       LCALL   ?BDISPATCH
   \   000003   ......       DC24    zb_SendDataConfirm

   \                                 In  segment BANK_RELAYS, align 1
   \                     ??zb_ReceiveDataIndication?relay:
   \   000000   12....       LCALL   ?BDISPATCH
   \   000003   ......       DC24    zb_ReceiveDataIndication

   \                                 In  segment BANK_RELAYS, align 1
   \                     ??zb_AllowBindConfirm?relay:
   \   000000   12....       LCALL   ?BDISPATCH
   \   000003   ......       DC24    zb_AllowBindConfirm

   \                                 In  segment BANK_RELAYS, align 1
   \                     ??zb_HandleKeys?relay:
   \   000000   12....       LCALL   ?BDISPATCH
   \   000003   ......       DC24    zb_HandleKeys

   \                                 In  segment BANK_RELAYS, align 1
   \                     ??zb_BindConfirm?relay:
   \   000000   12....       LCALL   ?BDISPATCH
   \   000003   ......       DC24    zb_BindConfirm

   \                                 In  segment BANK_RELAYS, align 1
   \                     ??zb_StartConfirm?relay:
   \   000000   12....       LCALL   ?BDISPATCH
   \   000003   ......       DC24    zb_StartConfirm

   \                                 In  segment BANK_RELAYS, align 1
   \                     ??zb_HandleOsalEvent?relay:
   \   000000   12....       LCALL   ?BDISPATCH
   \   000003   ......       DC24    zb_HandleOsalEvent

   \                                 In  segment BANK_RELAYS, align 1
   \                     ??zb_FindDeviceConfirm?relay:
   \   000000   12....       LCALL   ?BDISPATCH
   \   000003   ......       DC24    zb_FindDeviceConfirm

   \                                 In  segment XDATA_ROM_C, align 1
   \                     `?<Constant {48, 49, 50, 51, 52, 53, 54, 55, 56`:
   \   000000   30           DB 48
   \   000001   31           DB 49
   \   000002   32           DB 50
   \   000003   33           DB 51
   \   000004   34           DB 52
   \   000005   35           DB 53
   \   000006   36           DB 54
   \   000007   37           DB 55
   \   000008   38           DB 56
   \   000009   39           DB 57
   \   00000A   41           DB 65
   \   00000B   42           DB 66
   \   00000C   43           DB 67
   \   00000D   44           DB 68
   \   00000E   45           DB 69
   \   00000F   46           DB 70

   Maximum stack usage in bytes:

     Function                 ISTACK PSTACK XSTACK
     --------                 ------ ------ ------
     zb_AllowBindConfirm          0      0      0
     zb_BindConfirm               0      0      0
     zb_FindDeviceConfirm         0      0      0
     zb_HandleKeys                0      0      0
     zb_HandleOsalEvent           2      0     44
       -> osal_start_timerEx      0      0     78
       -> zb_SendDataRequest      0      0     88
       -> osal_start_timerEx      0      0     78
       -> IC_Test                 0      0     78
       -> RfpScan                 0      0     78
       -> zb_SendDataRequest      0      0     88
       -> Get_ADCValue            0      0     78
       -> HalLedSet               0      0     78
       -> HalLedSet               0      0     78
       -> HalLedSet               0      0     78
       -> HalLedSet               0      0     78
     zb_ReceiveDataIndication     2      0      4
       -> HalLedSet               4      0      0
       -> HalLedSet               4      0      0
       -> HalLedSet               4      0      0
       -> HalLedSet               4      0      0
       -> JDQ2Start               4      0      0
       -> IC_Test                 4      0      0
       -> JDQ2Close               4      0      0
     zb_SendDataConfirm           0      0      0
     zb_StartConfirm              0      0     15
       -> zb_SendDataRequest      0      0     30
       -> osal_start_timerEx      0      0     20
       -> osal_start_timerEx      0      0     20
       -> HalLedBlink             0      0     20
       -> IC_Init                 0      0     20
       -> InitJDQ2                0      0     20


   Segment part sizes:

     Function/Label                                 Bytes
     --------------                                 -----
     ledIdList                                         2
     ledDeviceInputCommandList                         2
     ledDeviceOutputCommandList                        4
     zb_SimpleDesc                                    12
     zb_SendDataConfirm                                3
     zb_ReceiveDataIndication                        113
     zb_AllowBindConfirm                               3
     zb_HandleKeys                                     3
     zb_BindConfirm                                    3
     zb_StartConfirm                                  87
     ?Subroutine0                                      5
     ?Subroutine2                                      8
     ?Subroutine3                                     11
     zb_HandleOsalEvent                              349
     ?Subroutine1                                     17
     zb_FindDeviceConfirm                              3
     ?<Initializer for ledIdList>                      2
     ??zb_SendDataConfirm?relay                        6
     ??zb_ReceiveDataIndication?relay                  6
     ??zb_AllowBindConfirm?relay                       6
     ??zb_HandleKeys?relay                             6
     ??zb_BindConfirm?relay                            6
     ??zb_StartConfirm?relay                           6
     ??zb_HandleOsalEvent?relay                        6
     ??zb_FindDeviceConfirm?relay                      6
     ?<Constant {48, 49, 50, 51, 52, 53, 54, 55, 56   16

 
 605 bytes in segment BANKED_CODE
  48 bytes in segment BANK_RELAYS
   2 bytes in segment XDATA_I
   2 bytes in segment XDATA_ID
  34 bytes in segment XDATA_ROM_C
 
 655 bytes of CODE  memory
  34 bytes of CONST memory
   2 bytes of XDATA memory

Errors: none
Warnings: none
