###############################################################################
#                                                                             #
# IAR C/C++ Compiler V8.10.1.40194/W32 for 8051         03/Mar/2020  13:32:25 #
# Copyright 2004-2011 IAR Systems AB.                                         #
#                                                                             #
#    Core               =  plain                                              #
#    Code model         =  banked                                             #
#    Data model         =  large                                              #
#    Calling convention =  xdata reentrant                                    #
#    Constant location  =  data_rom                                           #
#    Dptr setup         =  1,16                                               #
#    Source file        =  C:\Texas Instruments\ZStack-CC2530-2.5.1a\Projects #
#                          \zstack\Samples\Diplomaproject\Source\RFP.c        #
#    Command line       =  -f "C:\Texas Instruments\ZStack-CC2530-2.5.1a\Proj #
#                          ects\zstack\Samples\Diplomaproject\CC2530DB\..\..\ #
#                          ..\Tools\CC2530DB\f8wCoord.cfg" (-DCPU32MHZ        #
#                          -DROOT=__near_func -DMAC_CFG_APP_PENDING_QUEUE=TRU #
#                          E -DMAC_CFG_TX_DATA_MAX=5 -DMAC_CFG_TX_MAX=8       #
#                          -DMAC_CFG_RX_MAX=5 -DZDO_COORDINATOR -DRTR_NWK)    #
#                          -f "C:\Texas Instruments\ZStack-CC2530-2.5.1a\Proj #
#                          ects\zstack\Samples\Diplomaproject\CC2530DB\..\..\ #
#                          ..\Tools\CC2530DB\f8wConfig.cfg" (-DZIGBEEPRO      #
#                          -DSECURE=0 -DZG_SECURE_DYNAMIC=0 -DREFLECTOR       #
#                          -DDEFAULT_CHANLIST=0x00000800                      #
#                          -DZDAPP_CONFIG_PAN_ID=0xFFFF                       #
#                          -DNWK_START_DELAY=100 -DEXTENDED_JOINING_RANDOM_MA #
#                          SK=0x007F -DBEACON_REQUEST_DELAY=100               #
#                          -DBEACON_REQ_DELAY_MASK=0x00FF                     #
#                          -DLINK_STATUS_JITTER_MASK=0x007F                   #
#                          -DROUTE_EXPIRY_TIME=30 -DAPSC_ACK_WAIT_DURATION_PO #
#                          LLED=3000 -DNWK_INDIRECT_MSG_TIMEOUT=7             #
#                          -DMAX_RREQ_ENTRIES=8 -DAPSC_MAX_FRAME_RETRIES=3    #
#                          -DNWK_MAX_DATA_RETRIES=2                           #
#                          -DMAX_POLL_FAILURE_RETRIES=2 -DMAX_BCAST=9         #
#                          -DAPS_MAX_GROUPS=16 -DMAX_RTG_ENTRIES=40           #
#                          -DNWK_MAX_BINDING_ENTRIES=4                        #
#                          -DMAX_BINDING_CLUSTER_IDS=4 "-DDEFAULT_KEY={0x01,  #
#                          0x03, 0x05, 0x07, 0x09, 0x0B, 0x0D, 0x0F, 0x00,    #
#                          0x02, 0x04, 0x06, 0x08, 0x0A, 0x0C, 0x0D}"         #
#                          -DMAC_MAX_FRAME_SIZE=116                           #
#                          -DZDNWKMGR_MIN_TRANSMISSIONS=20 "-DCONST=const     #
#                          __code" -DGENERIC=__generic                        #
#                          -DRFD_RCVC_ALWAYS_ON=FALSE -DPOLL_RATE=1000        #
#                          -DQUEUED_POLL_RATE=100 -DRESPONSE_POLL_RATE=100)   #
#                          -DREJOIN_POLL_RATE=440 "C:\Texas                   #
#                          Instruments\ZStack-CC2530-2.5.1a\Projects\zstack\S #
#                          amples\Diplomaproject\Source\RFP.c" -D ZTOOL_P1    #
#                          -D xMT_TASK -D xMT_SYS_FUNC -D xMT_ZDO_FUNC -D     #
#                          xLCD_SUPPORTED=DEBUG -lC "C:\Texas                 #
#                          Instruments\ZStack-CC2530-2.5.1a\Projects\zstack\S #
#                          amples\Diplomaproject\CC2530DB\CoordinatorEB\List\ #
#                          " -lA "C:\Texas Instruments\ZStack-CC2530-2.5.1a\P #
#                          rojects\zstack\Samples\Diplomaproject\CC2530DB\Coo #
#                          rdinatorEB\List\" --diag_suppress Pe001,Pa010 -o   #
#                          "C:\Texas Instruments\ZStack-CC2530-2.5.1a\Project #
#                          s\zstack\Samples\Diplomaproject\CC2530DB\Coordinat #
#                          orEB\Obj\" -e --no_cse --no_unroll --no_inline     #
#                          --no_code_motion --no_tbaa --debug --core=plain    #
#                          --dptr=16,1 --data_model=large                     #
#                          --code_model=banked --calling_convention=xdata_ree #
#                          ntrant --place_constants=data_rom                  #
#                          --nr_virtual_regs 16 -I "C:\Texas                  #
#                          Instruments\ZStack-CC2530-2.5.1a\Projects\zstack\S #
#                          amples\Diplomaproject\CC2530DB\" -I "C:\Texas      #
#                          Instruments\ZStack-CC2530-2.5.1a\Projects\zstack\S #
#                          amples\Diplomaproject\CC2530DB\..\Source\" -I      #
#                          "C:\Texas Instruments\ZStack-CC2530-2.5.1a\Project #
#                          s\zstack\Samples\Diplomaproject\CC2530DB\..\..\..\ #
#                          ZMain\TI2530DB\" -I "C:\Texas                      #
#                          Instruments\ZStack-CC2530-2.5.1a\Projects\zstack\S #
#                          amples\Diplomaproject\CC2530DB\..\..\..\..\..\Comp #
#                          onents\hal\include\" -I "C:\Texas                  #
#                          Instruments\ZStack-CC2530-2.5.1a\Projects\zstack\S #
#                          amples\Diplomaproject\CC2530DB\..\..\..\..\..\Comp #
#                          onents\hal\target\CC2530EB\" -I "C:\Texas          #
#                          Instruments\ZStack-CC2530-2.5.1a\Projects\zstack\S #
#                          amples\Diplomaproject\CC2530DB\..\..\..\..\..\Comp #
#                          onents\mac\include\" -I "C:\Texas                  #
#                          Instruments\ZStack-CC2530-2.5.1a\Projects\zstack\S #
#                          amples\Diplomaproject\CC2530DB\..\..\..\..\..\Comp #
#                          onents\mac\high_level\" -I "C:\Texas               #
#                          Instruments\ZStack-CC2530-2.5.1a\Projects\zstack\S #
#                          amples\Diplomaproject\CC2530DB\..\..\..\..\..\Comp #
#                          onents\mac\low_level\srf04\" -I "C:\Texas          #
#                          Instruments\ZStack-CC2530-2.5.1a\Projects\zstack\S #
#                          amples\Diplomaproject\CC2530DB\..\..\..\..\..\Comp #
#                          onents\mac\low_level\srf04\single_chip\" -I        #
#                          "C:\Texas Instruments\ZStack-CC2530-2.5.1a\Project #
#                          s\zstack\Samples\Diplomaproject\CC2530DB\..\..\..\ #
#                          ..\..\Components\mt\" -I "C:\Texas                 #
#                          Instruments\ZStack-CC2530-2.5.1a\Projects\zstack\S #
#                          amples\Diplomaproject\CC2530DB\..\..\..\..\..\Comp #
#                          onents\osal\include\" -I "C:\Texas                 #
#                          Instruments\ZStack-CC2530-2.5.1a\Projects\zstack\S #
#                          amples\Diplomaproject\CC2530DB\..\..\..\..\..\Comp #
#                          onents\services\saddr\" -I "C:\Texas               #
#                          Instruments\ZStack-CC2530-2.5.1a\Projects\zstack\S #
#                          amples\Diplomaproject\CC2530DB\..\..\..\..\..\Comp #
#                          onents\services\sdata\" -I "C:\Texas               #
#                          Instruments\ZStack-CC2530-2.5.1a\Projects\zstack\S #
#                          amples\Diplomaproject\CC2530DB\..\..\..\..\..\Comp #
#                          onents\stack\af\" -I "C:\Texas                     #
#                          Instruments\ZStack-CC2530-2.5.1a\Projects\zstack\S #
#                          amples\Diplomaproject\CC2530DB\..\..\..\..\..\Comp #
#                          onents\stack\nwk\" -I "C:\Texas                    #
#                          Instruments\ZStack-CC2530-2.5.1a\Projects\zstack\S #
#                          amples\Diplomaproject\CC2530DB\..\..\..\..\..\Comp #
#                          onents\stack\sapi\" -I "C:\Texas                   #
#                          Instruments\ZStack-CC2530-2.5.1a\Projects\zstack\S #
#                          amples\Diplomaproject\CC2530DB\..\..\..\..\..\Comp #
#                          onents\stack\sec\" -I "C:\Texas                    #
#                          Instruments\ZStack-CC2530-2.5.1a\Projects\zstack\S #
#                          amples\Diplomaproject\CC2530DB\..\..\..\..\..\Comp #
#                          onents\stack\sys\" -I "C:\Texas                    #
#                          Instruments\ZStack-CC2530-2.5.1a\Projects\zstack\S #
#                          amples\Diplomaproject\CC2530DB\..\..\..\..\..\Comp #
#                          onents\stack\zdo\" -I "C:\Texas                    #
#                          Instruments\ZStack-CC2530-2.5.1a\Projects\zstack\S #
#                          amples\Diplomaproject\CC2530DB\..\..\..\..\..\Comp #
#                          onents\zmac\" -I "C:\Texas                         #
#                          Instruments\ZStack-CC2530-2.5.1a\Projects\zstack\S #
#                          amples\Diplomaproject\CC2530DB\..\..\..\..\..\Comp #
#                          onents\zmac\f8w\" -On                              #
#    List file          =  C:\Texas Instruments\ZStack-CC2530-2.5.1a\Projects #
#                          \zstack\Samples\Diplomaproject\CC2530DB\Coordinato #
#                          rEB\List\RFP.lst                                   #
#    Object file        =  C:\Texas Instruments\ZStack-CC2530-2.5.1a\Projects #
#                          \zstack\Samples\Diplomaproject\CC2530DB\Coordinato #
#                          rEB\Obj\RFP.r51                                    #
#                                                                             #
#                                                                             #
###############################################################################

C:\Texas Instruments\ZStack-CC2530-2.5.1a\Projects\zstack\Samples\Diplomaproject\Source\RFP.c
      1          #include "ioCC2530.h"

   \                                 In  segment SFR_AN, at 0x80
   \   union <unnamed> volatile __sfr _A_P0
   \                     _A_P0:
   \   000000                DS 1

   \                                 In  segment SFR_AN, at 0xf3
   \   unsigned char volatile __sfr P0SEL
   \                     P0SEL:
   \   000000                DS 1

   \                                 In  segment SFR_AN, at 0xfd
   \   unsigned char volatile __sfr P0DIR
   \                     P0DIR:
   \   000000                DS 1
      2          #include "RFP.h"
      3          #include "OnBoard.h"
      4          
      5          #define RFP P0_7
      6          

   \                                 In  segment BANKED_CODE, align 1, keep-with-next
      7          void RFPInit()
   \                     RFPInit:
      8          {
   \   000000                ; Saved register size: 0
   \   000000                ; Auto size: 0
      9            P0SEL &= ~0X80;  
   \   000000   53F37F       ANL     0xf3,#0x7f
     10            P0DIR &= ~0X80;    
   \   000003   53FD7F       ANL     0xfd,#0x7f
     11          }
   \   000006   02....       LJMP    ?BRET
   \   000009                REQUIRE P0SEL
   \   000009                REQUIRE P0DIR
     12          

   \                                 In  segment BANKED_CODE, align 1, keep-with-next
     13          uchar RfpScan()
   \                     RfpScan:
     14          {
   \   000000   C082         PUSH    DPL
   \   000002   C083         PUSH    DPH
   \   000004                ; Saved register size: 2
   \   000004                ; Auto size: 0
     15            RFPInit();
   \   000004                ; Setup parameters for call to function RFPInit
   \   000004   12....       LCALL   ??RFPInit?relay
     16            if(RFP==0)
   \   000007   A287         MOV     C,0x80.7
   \   000009   400F         JC      ??RfpScan_0
     17            {
     18              MicroWait(10000);
   \   00000B                ; Setup parameters for call to function Onboard_wait
   \   00000B   7A10         MOV     R2,#0x10
   \   00000D   7B27         MOV     R3,#0x27
   \   00000F   12....       LCALL   ??Onboard_wait?relay
     19              if(RFP==0)
   \   000012   A287         MOV     C,0x80.7
   \   000014   4004         JC      ??RfpScan_0
     20              {
     21                return 1;
   \   000016   7901         MOV     R1,#0x1
   \   000018   8002         SJMP    ??RfpScan_1
     22              }
     23            }
     24            return 0;
   \                     ??RfpScan_0:
   \   00001A   7900         MOV     R1,#0x0
   \                     ??RfpScan_1:
   \   00001C   D083         POP     DPH
   \   00001E   D082         POP     DPL
   \   000020   02....       LJMP    ?BRET
   \   000023                REQUIRE _A_P0
     25          }

   \                                 In  segment BANK_RELAYS, align 1
   \                     ??RFPInit?relay:
   \   000000   12....       LCALL   ?BDISPATCH
   \   000003   ......       DC24    RFPInit

   \                                 In  segment BANK_RELAYS, align 1
   \                     ??RfpScan?relay:
   \   000000   12....       LCALL   ?BDISPATCH
   \   000003   ......       DC24    RfpScan

   Maximum stack usage in bytes:

     Function          ISTACK PSTACK XSTACK
     --------          ------ ------ ------
     RFPInit               0      0      0
     RfpScan               2      0      0
       -> RFPInit          4      0      0
       -> Onboard_wait     4      0      0


   Segment part sizes:

     Function/Label  Bytes
     --------------  -----
     _A_P0              1
     P0SEL              1
     P0DIR              1
     RFPInit            9
     RfpScan           35
     ??RFPInit?relay    6
     ??RfpScan?relay    6

 
 44 bytes in segment BANKED_CODE
 12 bytes in segment BANK_RELAYS
  3 bytes in segment SFR_AN
 
 56 bytes of CODE memory
  0 bytes of DATA memory (+ 3 bytes shared)

Errors: none
Warnings: none
